#-----------------------------------------------------------
# Vivado v2020.2.2 (64-bit)
# SW Build 3118627 on Tue Feb  9 05:13:49 MST 2021
# IP Build 3115676 on Tue Feb  9 10:48:11 MST 2021
# Start of session at: Sat Dec 23 15:02:01 2023
# Process ID: 24190
# Current directory: /home/hs/Desktop/FHE/fhe_benes/fhe_interconnect/step1/RTL/resource_check
# Command line: vivado
# Log file: /home/hs/Desktop/FHE/fhe_benes/fhe_interconnect/step1/RTL/resource_check/vivado.log
# Journal file: /home/hs/Desktop/FHE/fhe_benes/fhe_interconnect/step1/RTL/resource_check/vivado.jou
#-----------------------------------------------------------
start_gui
create_project axi4_test /home/hs/Desktop/FHE/fhe_benes/fhe_interconnect/step1/RTL/resource_check/axi4_test -part xcu280-fsvh2892-2L-e
set_property board_part xilinx.com:au280:part0:1.1 [current_project]
create_peripheral user.org user axi4_test 1.0 -dir /home/hs/Desktop/FHE/fhe_benes/fhe_interconnect/step1/RTL/resource_check/ip_repo
add_peripheral_interface S00_AXI -interface_mode slave -axi_type full [ipx::find_open_core user.org:user:axi4_test:1.0]
generate_peripheral -driver -bfm_example_design -debug_hw_example_design [ipx::find_open_core user.org:user:axi4_test:1.0]
write_peripheral [ipx::find_open_core user.org:user:axi4_test:1.0]
set_property  ip_repo_paths  /home/hs/Desktop/FHE/fhe_benes/fhe_interconnect/step1/RTL/resource_check/ip_repo/axi4_test_1.0 [current_project]
update_ip_catalog -rebuild
